FAILED:  ./test_sax_parser_1
PASSED:  ./test_sax_reader_1
PASSED:  ./test_sax_reader_10
PASSED:  ./test_sax_reader_11
PASSED:  ./test_sax_reader_12
PASSED:  ./test_sax_reader_13
PASSED:  ./test_sax_reader_14
PASSED:  ./test_sax_reader_2
PASSED:  ./test_sax_reader_3
PASSED:  ./test_sax_reader_4
PASSED:  ./test_sax_reader_5
