ABORT(FOX)
Tried to close XML file which is not open
WARNING(wxml) in writing to file 
test.xml
Invalid XML document produced: No root element
