ERROR(FoX)
wxml:DOCTYPE: PUBLIC supplied without SYSTEM for: html
