ERROR(wxml) in writing to file 
test.xml
Namespace prefix not registered: toby
WARNING(wxml) in writing to file 
test.xml
Invalid XML document produced: No root element
