ERROR(FoX)
Attempt to declare invalid prefix: cml:
