End of file.
char:!:
iost:0
char:<:
iost:0
char:<:
iost:0
