WARNING(FoX)
Tried to add possibly unregistered notation to entity: ENT
