ERROR(FoX)
cannot undeclare namespaces in XML 1.0
