ERROR(wxml) in writing to file 
test.xml
invalid attribute name: !att
